// UNIFY demo level. # ground, P player, C coin, B crate, O ball, F goal flag, M moving platform
tile_size 1
#                                                                        #
#                                                                        #
#                                                                   F    #
#                                  C   C   C                      #####  #
#                                ###########       M                     #
#                    C    C                                   C          #
#                  #########                ###         ###   ##         #
#          C                   B       C C                               #
#        #####     BB         BBB     #####       O                      #
#   P            ######     #######                     C                #
#              C                                      ####               #
#     O       ###     C          C         C                             #
######################################  ########  ####################### 
######################################  ########  ####################### 
